// Vitest Snapshot v1, https://vitest.dev/guide/snapshot.html

exports[`buildPalette para todos los presets (golden) 1`] = `
{
  "dark Azul": {
    "accentTextLarge": "#2857DA",
    "accentTextSmall": "#567AE2",
    "bg": "#09090B",
    "fg": "#FAFAFA",
    "line": "#52525C",
    "mutedFg": "#9F9FA9",
    "primary": "#1D4ED8",
    "primaryFg": "#FFFFFF",
    "surface": "#18181B",
  },
  "dark Azul marino": {
    "accentTextLarge": "#4B5F85",
    "accentTextSmall": "#6F7F9D",
    "bg": "#09090B",
    "fg": "#FAFAFA",
    "line": "#52525C",
    "mutedFg": "#9F9FA9",
    "primary": "#0F2A5C",
    "primaryFg": "#FFFFFF",
    "surface": "#18181B",
  },
  "dark Guinda": {
    "accentTextLarge": "#9B4D5F",
    "accentTextSmall": "#A96474",
    "bg": "#09090B",
    "fg": "#FAFAFA",
    "line": "#52525C",
    "mutedFg": "#9F9FA9",
    "primary": "#7A1129",
    "primaryFg": "#FFFFFF",
    "surface": "#18181B",
  },
  "dark Morado": {
    "accentTextLarge": "#7433DB",
    "accentTextSmall": "#925EE3",
    "bg": "#09090B",
    "fg": "#FAFAFA",
    "line": "#52525C",
    "mutedFg": "#9F9FA9",
    "primary": "#6D28D9",
    "primaryFg": "#FFFFFF",
    "surface": "#18181B",
  },
  "dark Naranja": {
    "accentTextLarge": "#FF6E38",
    "accentTextSmall": "#FF6E38",
    "bg": "#09090B",
    "fg": "#FAFAFA",
    "line": "#52525C",
    "mutedFg": "#9F9FA9",
    "primary": "#FF6E38",
    "primaryFg": "#000000",
    "surface": "#18181B",
  },
  "dark Oro": {
    "accentTextLarge": "#C8951B",
    "accentTextSmall": "#C8951B",
    "bg": "#09090B",
    "fg": "#FAFAFA",
    "line": "#52525C",
    "mutedFg": "#9F9FA9",
    "primary": "#C8951B",
    "primaryFg": "#000000",
    "surface": "#18181B",
  },
  "dark Picton Blue": {
    "accentTextLarge": "#45B1E1",
    "accentTextSmall": "#45B1E1",
    "bg": "#09090B",
    "fg": "#FAFAFA",
    "line": "#52525C",
    "mutedFg": "#9F9FA9",
    "primary": "#45B1E1",
    "primaryFg": "#000000",
    "surface": "#18181B",
  },
  "dark Rojo": {
    "accentTextLarge": "#C81E28",
    "accentTextSmall": "#D34B53",
    "bg": "#09090B",
    "fg": "#FAFAFA",
    "line": "#52525C",
    "mutedFg": "#9F9FA9",
    "primary": "#C81E28",
    "primaryFg": "#FFFFFF",
    "surface": "#18181B",
  },
  "dark Turquesa": {
    "accentTextLarge": "#0E7490",
    "accentTextSmall": "#3289A1",
    "bg": "#09090B",
    "fg": "#FAFAFA",
    "line": "#52525C",
    "mutedFg": "#9F9FA9",
    "primary": "#0E7490",
    "primaryFg": "#FFFFFF",
    "surface": "#18181B",
  },
  "dark Verde": {
    "accentTextLarge": "#15803D",
    "accentTextSmall": "#2C8D50",
    "bg": "#09090B",
    "fg": "#FAFAFA",
    "line": "#52525C",
    "mutedFg": "#9F9FA9",
    "primary": "#15803D",
    "primaryFg": "#FFFFFF",
    "surface": "#18181B",
  },
  "light Azul": {
    "accentTextLarge": "#1D4ED8",
    "accentTextSmall": "#1D4ED8",
    "bg": "#FFFFFF",
    "fg": "#000000",
    "line": "#9F9FA9",
    "mutedFg": "#6B7280",
    "primary": "#1D4ED8",
    "primaryFg": "#FFFFFF",
    "surface": "#F4F4F5",
  },
  "light Azul marino": {
    "accentTextLarge": "#0F2A5C",
    "accentTextSmall": "#0F2A5C",
    "bg": "#FFFFFF",
    "fg": "#000000",
    "line": "#9F9FA9",
    "mutedFg": "#6B7280",
    "primary": "#0F2A5C",
    "primaryFg": "#FFFFFF",
    "surface": "#F4F4F5",
  },
  "light Guinda": {
    "accentTextLarge": "#7A1129",
    "accentTextSmall": "#7A1129",
    "bg": "#FFFFFF",
    "fg": "#000000",
    "line": "#9F9FA9",
    "mutedFg": "#6B7280",
    "primary": "#7A1129",
    "primaryFg": "#FFFFFF",
    "surface": "#F4F4F5",
  },
  "light Morado": {
    "accentTextLarge": "#6D28D9",
    "accentTextSmall": "#6D28D9",
    "bg": "#FFFFFF",
    "fg": "#000000",
    "line": "#9F9FA9",
    "mutedFg": "#6B7280",
    "primary": "#6D28D9",
    "primaryFg": "#FFFFFF",
    "surface": "#F4F4F5",
  },
  "light Naranja": {
    "accentTextLarge": "#F26935",
    "accentTextSmall": "#BF532A",
    "bg": "#FFFFFF",
    "fg": "#000000",
    "line": "#9F9FA9",
    "mutedFg": "#6B7280",
    "primary": "#FF6E38",
    "primaryFg": "#000000",
    "surface": "#F4F4F5",
  },
  "light Oro": {
    "accentTextLarge": "#B48618",
    "accentTextSmall": "#967014",
    "bg": "#FFFFFF",
    "fg": "#000000",
    "line": "#9F9FA9",
    "mutedFg": "#6B7280",
    "primary": "#C8951B",
    "primaryFg": "#000000",
    "surface": "#F4F4F5",
  },
  "light Picton Blue": {
    "accentTextLarge": "#3B96BF",
    "accentTextSmall": "#307C9E",
    "bg": "#FFFFFF",
    "fg": "#000000",
    "line": "#9F9FA9",
    "mutedFg": "#6B7280",
    "primary": "#45B1E1",
    "primaryFg": "#000000",
    "surface": "#F4F4F5",
  },
  "light Rojo": {
    "accentTextLarge": "#C81E28",
    "accentTextSmall": "#C81E28",
    "bg": "#FFFFFF",
    "fg": "#000000",
    "line": "#9F9FA9",
    "mutedFg": "#6B7280",
    "primary": "#C81E28",
    "primaryFg": "#FFFFFF",
    "surface": "#F4F4F5",
  },
  "light Turquesa": {
    "accentTextLarge": "#0E7490",
    "accentTextSmall": "#0E7490",
    "bg": "#FFFFFF",
    "fg": "#000000",
    "line": "#9F9FA9",
    "mutedFg": "#6B7280",
    "primary": "#0E7490",
    "primaryFg": "#FFFFFF",
    "surface": "#F4F4F5",
  },
  "light Verde": {
    "accentTextLarge": "#15803D",
    "accentTextSmall": "#15803D",
    "bg": "#FFFFFF",
    "fg": "#000000",
    "line": "#9F9FA9",
    "mutedFg": "#6B7280",
    "primary": "#15803D",
    "primaryFg": "#FFFFFF",
    "surface": "#F4F4F5",
  },
}
`;
