// Vitest Snapshot v1, https://vitest.dev/guide/snapshot.html

exports[`getNextMatchByTeam > próximo partido de cada equipo (golden) 1`] = `
{
  "aaaaaaa1-0000-4000-8000-000000000001": {
    "isLocal": false,
    "label": "sábado 3 de octubre · 13:00 hrs",
    "location": "CENTRO DEPORTIVO COYOACÁN",
    "locationUrl": "http://maps.google.com/maps?daddr=19.36,-99.16",
    "matchId": "a1000000-0000-4000-8000-000000000006",
    "matchSlug": "uv-vs-up-mexico-6",
    "opponent": "UV",
    "opponentSlug": "uv",
    "startsAt": 1791054000000,
    "team": "UP MÉXICO",
    "teamId": "aaaaaaa1-0000-4000-8000-000000000001",
    "teamSlug": "up-mexico",
    "tournament": "División I · Varonil",
    "tournamentSlug": "division-i-varonil",
    "week": "SEMANA 3",
  },
  "aaaaaaa2-0000-4000-8000-000000000002": {
    "isLocal": false,
    "label": "sábado 26 de septiembre · 18:00 hrs",
    "location": "GIMNASIO",
    "locationUrl": null,
    "matchId": "a1000000-0000-4000-8000-000000000005",
    "matchSlug": "buap-vs-uv-5",
    "opponent": "BUAP",
    "opponentSlug": "buap",
    "startsAt": 1790467200000,
    "team": "UV",
    "teamId": "aaaaaaa2-0000-4000-8000-000000000002",
    "teamSlug": "uv",
    "tournament": "División I · Varonil",
    "tournamentSlug": "division-i-varonil",
    "week": "SEMANA 2",
  },
  "aaaaaaa3-0000-4000-8000-000000000003": {
    "isLocal": true,
    "label": "domingo 4 de octubre · 00:00 hrs",
    "location": "CENTRO DEPORTIVO COYOACÁN",
    "locationUrl": "http://maps.google.com/maps?daddr=19.36,-99.16",
    "matchId": "a1000000-0000-4000-8000-000000000007",
    "matchSlug": "tec-de-mty-cem-vs-up-mexico-7",
    "opponent": "UP MÉXICO",
    "opponentSlug": "up-mexico",
    "startsAt": 1791093600000,
    "team": "TEC. DE MTY (CEM)",
    "teamId": "aaaaaaa3-0000-4000-8000-000000000003",
    "teamSlug": "tec-de-mty-cem",
    "tournament": "División I · Varonil",
    "tournamentSlug": "division-i-varonil",
    "week": "SEMANA 3",
  },
  "aaaaaaa4-0000-4000-8000-000000000004": {
    "isLocal": true,
    "label": "sábado 26 de septiembre · 18:00 hrs",
    "location": "GIMNASIO",
    "locationUrl": null,
    "matchId": "a1000000-0000-4000-8000-000000000005",
    "matchSlug": "buap-vs-uv-5",
    "opponent": "UV",
    "opponentSlug": "uv",
    "startsAt": 1790467200000,
    "team": "BUAP",
    "teamId": "aaaaaaa4-0000-4000-8000-000000000004",
    "teamSlug": "buap",
    "tournament": "División I · Varonil",
    "tournamentSlug": "division-i-varonil",
    "week": "SEMANA 2",
  },
  "bbbbbbb1-0000-4000-8000-000000000001": {
    "isLocal": false,
    "label": "martes 29 de septiembre · 17:00 hrs",
    "location": "CENTRO DEPORTIVO COYOACÁN",
    "locationUrl": "http://maps.google.com/maps?daddr=19.36,-99.16",
    "matchId": "b1000000-0000-4000-8000-000000000002",
    "matchSlug": "lobos-uadec-vs-uagro-2",
    "opponent": "LOBOS UAdeC",
    "opponentSlug": "lobos-uadec",
    "startsAt": 1790722800000,
    "team": "UAGRO",
    "teamId": "bbbbbbb1-0000-4000-8000-000000000001",
    "teamSlug": "uagro",
    "tournament": "División II · Femenil · Centro",
    "tournamentSlug": "division-ii-femenil-centro",
    "week": "SEMANA 1",
  },
  "bbbbbbb2-0000-4000-8000-000000000002": {
    "isLocal": true,
    "label": "martes 29 de septiembre · 17:00 hrs",
    "location": "CENTRO DEPORTIVO COYOACÁN",
    "locationUrl": "http://maps.google.com/maps?daddr=19.36,-99.16",
    "matchId": "b1000000-0000-4000-8000-000000000002",
    "matchSlug": "lobos-uadec-vs-uagro-2",
    "opponent": "UAGRO",
    "opponentSlug": "uagro",
    "startsAt": 1790722800000,
    "team": "LOBOS UAdeC",
    "teamId": "bbbbbbb2-0000-4000-8000-000000000002",
    "teamSlug": "lobos-uadec",
    "tournament": "División II · Femenil · Centro",
    "tournamentSlug": "division-ii-femenil-centro",
    "week": "SEMANA 1",
  },
}
`;
